msa_annotate.pl Ver1.1.8
Usage:  -d directory to find the input genome file
        -i name of the input genbank file
        -l name of input folder
    E.g.: msa_annotate.pl -d ./ -i NC_001477.gb
    E.g.: msa_annotate.pl -d ./ -l all_genomes/ 

Viral families and species covered in Ver1.1.8 are:
Families: 14, species: 92, strains: 138

Family=Arenaviridae
Arenaviridae	#1	species=11619 	strain=----- 	ref=NC_005081 	"Junin virus"

Family=Bunyaviridae
Bunyaviridae	#1	species=11591 	strain=----- 	ref=NC_005220 	"Uukuniemi virus"
Bunyaviridae	#2	species=11599 	strain=----- 	ref=NC_005219 	"Hantaan virus"
Bunyaviridae	#3	species=1003835 	strain=992212 	ref=NC_018138 	"Severe fever with thrombocytopenia syndrome virus"

Family=Caliciviridae
Caliciviridae	#1	species=11976 	strain=----- 	ref=NC_001543 	"Rabbit hemorrhagic disease virus"
Caliciviridae	#2	species=11978 	strain=----- 	ref=NC_001481 	"Feline calicivirus"
Caliciviridae	#3	species=11983 	strain=----- 	ref=NC_001959 	"Norwalk virus"
Caliciviridae	#4	species=146073 	strain=----- 	ref=NC_004541 	"Walrus calicivirus"
Caliciviridae	#5	species=357231 	strain=223997 	ref=NC_008311 	"Murine norovirus"
Caliciviridae	#6	species=33756 	strain=----- 	ref=NC_002615 	"European brown hare syndrome virus"
Caliciviridae	#7	species=35612 	strain=----- 	ref=NC_002551 	"Vesicular exanthema of swine virus"
Caliciviridae	#8	species=357231 	strain=----- 	ref=NC_008311 	"Murine norovirus"
Caliciviridae	#9	species=74724 	strain=----- 	ref=NC_004542 	"Canine calicivirus"

Family=Coronaviridae
Coronaviridae	#1	species=694014 	strain=11120 	ref=NC_001451 	"Avian coronavirus"
Coronaviridae	#2	species=694003 	strain=11128 	ref=NC_003045 	"Betacoronavirus 1"
Coronaviridae	#3	species=694005 	strain=11142 	ref=NC_001846 	"Murine coronavirus"
Coronaviridae	#4	species=694005 	strain=11144 	ref=NC_006852 	"Murine coronavirus"
Coronaviridae	#5	species=694014 	strain=11152 	ref=NC_010800 	"Avian coronavirus"
Coronaviridae	#6	species=694009 	strain=227859 	ref=NC_004718 	"Severe acute respiratory syndrome-related coronavirus"
Coronaviridae	#7	species=28295 	strain=----- 	ref=NC_003436 	"Porcine epidemic diarrhea virus"
Coronaviridae	#8	species=290028 	strain=----- 	ref=NC_006577 	"Human coronavirus HKU1"
Coronaviridae	#9	species=694003 	strain=----- 	ref=NC_003045 	"Betacoronavirus 1"
Coronaviridae	#10	species=694005 	strain=----- 	ref=NC_001846 	"Murine coronavirus"
Coronaviridae	#11	species=694009 	strain=----- 	ref=NC_004718 	"Severe acute respiratory syndrome-related coronavirus"
Coronaviridae	#12	species=694014 	strain=----- 	ref=NC_010800 	"Avian coronavirus"

Family=Filoviridae
Family=Filoviridae 	No approved species found for family:Filoviridae

Family=Flaviviridae
Flaviviridae	#1	species=12637 	strain=11053 	ref=NC_001477 	"Dengue virus"
Flaviviridae	#2	species=12637 	strain=11060 	ref=NC_001474 	"Dengue virus"
Flaviviridae	#3	species=12637 	strain=11069 	ref=NC_001475 	"Dengue virus"
Flaviviridae	#4	species=12637 	strain=11070 	ref=NC_002640 	"Dengue virus"
Flaviviridae	#5	species=11072 	strain=----- 	ref=NC_001437 	"Japanese encephalitis virus"
Flaviviridae	#6	species=11079 	strain=----- 	ref=NC_000943 	"Murray Valley encephalitis virus"
Flaviviridae	#7	species=11080 	strain=----- 	ref=NC_007580 	"St. Louis encephalitis virus"
Flaviviridae	#8	species=11082 	strain=----- 	ref=NC_001563 	"West Nile virus"
Flaviviridae	#9	species=11083 	strain=----- 	ref=NC_003687 	"Powassan virus"
Flaviviridae	#10	species=11084 	strain=----- 	ref=NC_001672 	"Tick-borne encephalitis virus"
Flaviviridae	#11	species=11086 	strain=----- 	ref=NC_001809 	"Louping ill virus"
Flaviviridae	#12	species=11089 	strain=----- 	ref=NC_002031 	"Yellow fever virus"
Flaviviridae	#13	species=11103 	strain=----- 	ref=NC_004102 	"Hepatitis C virus"
Flaviviridae	#14	species=12637 	strain=----- 	ref=NC_001477 	"Dengue virus"
Flaviviridae	#15	species=33743 	strain=172148 	ref=NC_004355 	"Kyasanur forest disease virus"
Flaviviridae	#16	species=11103 	strain=31646 	ref=NC_004102 	"Hepatitis C virus"
Flaviviridae	#17	species=11103 	strain=31647 	ref=NC_004102 	"Hepatitis C virus"
Flaviviridae	#18	species=11103 	strain=31649 	ref=NC_004102 	"Hepatitis C virus"
Flaviviridae	#19	species=11103 	strain=31650 	ref=NC_004102 	"Hepatitis C virus"
Flaviviridae	#20	species=11103 	strain=31655 	ref=NC_004102 	"Hepatitis C virus"
Flaviviridae	#21	species=31658 	strain=----- 	ref=NC_001564 	"Cell fusing agent virus"
Flaviviridae	#22	species=11103 	strain=356426 	ref=NC_004102 	"Hepatitis C virus"
Flaviviridae	#23	species=64280 	strain=----- 	ref=NC_003676 	"Apoi virus"
Flaviviridae	#24	species=64285 	strain=----- 	ref=NC_003675 	"Rio Bravo virus"
Flaviviridae	#25	species=64286 	strain=----- 	ref=NC_006551 	"Usutu virus"
Flaviviridae	#26	species=64300 	strain=----- 	ref=NC_003635 	"Modoc virus"
Flaviviridae	#27	species=64312 	strain=----- 	ref=NC_004119 	"Montana myotis leukoencephalitis virus"

Family=Hepeviridae
Family=Hepeviridae 	No approved species found for family:Hepeviridae

Family=Herpesviridae
Family=Herpesviridae 	No approved species found for family:Herpesviridae

Family=Paramyxoviridae
Family=Paramyxoviridae 	No approved species found for family:Paramyxoviridae

Family=Picornaviridae
Picornaviridae	#1	species=686985 	strain=1002918 	ref=NC_004451 	"Simian sapelovirus"
Picornaviridae	#2	species=686984 	strain=1002921 	ref=NC_003987 	"Porcine sapelovirus"
Picornaviridae	#3	species=138949 	strain=103915 	ref=NC_013114 	"Human enterovirus B"
Picornaviridae	#4	species=106966 	strain=----- 	ref=NC_004441 	"Porcine enterovirus B"
Picornaviridae	#5	species=1074863 	strain=----- 	ref=NC_015940 	"Bat picornavirus 1"
Picornaviridae	#6	species=1074864 	strain=----- 	ref=NC_015941 	"Bat picornavirus 2"
Picornaviridae	#7	species=1074865 	strain=----- 	ref=NC_015934 	"Bat picornavirus 3"
Picornaviridae	#8	species=1108810 	strain=----- 	ref=NC_016156 	"Feline picornavirus"
Picornaviridae	#9	species=118140 	strain=----- 	ref=NC_003985 	"Porcine teschovirus"
Picornaviridae	#10	species=138949 	strain=12060 	ref=NC_013114 	"Human enterovirus B"
Picornaviridae	#11	species=138949 	strain=12062 	ref=NC_013114 	"Human enterovirus B"
Picornaviridae	#12	species=12064 	strain=----- 	ref=NC_001859 	"Bovine enterovirus"
Picornaviridae	#13	species=138949 	strain=12067 	ref=NC_013114 	"Human enterovirus B"
Picornaviridae	#14	species=12092 	strain=----- 	ref=NC_001489 	"Hepatitis A virus"
Picornaviridae	#15	species=12104 	strain=----- 	ref=NC_001479 	"Encephalomyocarditis virus"
Picornaviridae	#16	species=1210913 	strain=----- 	ref=NC_018226 	"Swine pasivirus 1"
Picornaviridae	#17	species=12110 	strain=----- 	ref=NC_004004 	"Foot-and-mouth disease virus"
Picornaviridae	#18	species=12110 	strain=12116 	ref=NC_002554 	"Foot-and-mouth disease virus"
Picornaviridae	#19	species=12110 	strain=12118 	ref=NC_004004 	"Foot-and-mouth disease virus"
Picornaviridae	#20	species=147712 	strain=12131 	ref=NC_001490 	"Human rhinovirus B"
Picornaviridae	#21	species=1233320 	strain=----- 	ref=NC_018668 	"Bovine hungarovirus"
Picornaviridae	#22	species=138948 	strain=----- 	ref=NC_001612 	"Human enterovirus A"
Picornaviridae	#23	species=138949 	strain=----- 	ref=NC_001472 	"Human enterovirus B"
Picornaviridae	#24	species=138950 	strain=----- 	ref=NC_002058 	"Human enterovirus C"
Picornaviridae	#25	species=138951 	strain=----- 	ref=NC_001430 	"Human enterovirus D"
Picornaviridae	#26	species=147711 	strain=----- 	ref=NC_001617 	"Human rhinovirus A"
Picornaviridae	#27	species=147712 	strain=----- 	ref=NC_001490 	"Human rhinovirus B"
Picornaviridae	#28	species=138949 	strain=172038 	ref=NC_010411 	"Human enterovirus B"
Picornaviridae	#29	species=172314 	strain=----- 	ref=NC_003976 	"Ljungan virus"
Picornaviridae	#30	species=184753 	strain=----- 	ref=NC_010384 	"Simian picornavirus strain N125"
Picornaviridae	#31	species=184754 	strain=----- 	ref=NC_013695 	"Simian picornavirus strain N203"
Picornaviridae	#32	species=194965 	strain=----- 	ref=NC_004421 	"Bovine kobuvirus"
Picornaviridae	#33	species=195054 	strain=----- 	ref=NC_001897 	"Human parechovirus"
Picornaviridae	#34	species=204711 	strain=----- 	ref=NC_001366 	"Theilovirus"
Picornaviridae	#35	species=138949 	strain=222887 	ref=NC_013114 	"Human enterovirus B"
Picornaviridae	#36	species=138949 	strain=222889 	ref=NC_013114 	"Human enterovirus B"
Picornaviridae	#37	species=310907 	strain=----- 	ref=NC_003988 	"Simian enterovirus A"
Picornaviridae	#38	species=138949 	strain=318562 	ref=NC_013114 	"Human enterovirus B"
Picornaviridae	#39	species=138949 	strain=318563 	ref=NC_013114 	"Human enterovirus B"
Picornaviridae	#40	species=138949 	strain=325446 	ref=NC_013114 	"Human enterovirus B"
Picornaviridae	#41	species=138949 	strain=325447 	ref=NC_009887 	"Human enterovirus B"
Picornaviridae	#42	species=204711 	strain=434309 	ref=NC_009448 	"Theilovirus"
Picornaviridae	#43	species=138948 	strain=442855 	ref=NC_010412 	"Human enterovirus A"
Picornaviridae	#44	species=138948 	strain=442858 	ref=NC_010413 	"Human enterovirus A"
Picornaviridae	#45	species=442860 	strain=----- 	ref=NC_010415 	"Simian enterovirus SV6"
Picornaviridae	#46	species=463676 	strain=----- 	ref=NC_009996 	"Human rhinovirus C"
Picornaviridae	#47	species=47000 	strain=----- 	ref=NC_003982 	"Equine rhinitis A virus"
Picornaviridae	#48	species=471728 	strain=----- 	ref=NC_009891 	"Seal picornavirus type 1"
Picornaviridae	#49	species=138949 	strain=47506 	ref=NC_013114 	"Human enterovirus B"
Picornaviridae	#50	species=204711 	strain=511755 	ref=NC_010810 	"Theilovirus"
Picornaviridae	#51	species=1156769 	strain=569195 	ref=NC_011829 	"Porcine kobuvirus"
Picornaviridae	#52	species=138949 	strain=582384 	ref=NC_013114 	"Human enterovirus B"
Picornaviridae	#53	species=138949 	strain=582385 	ref=NC_013115 	"Human enterovirus B"
Picornaviridae	#54	species=586419 	strain=----- 	ref=NC_012800 	"Human cosavirus A"
Picornaviridae	#55	species=586420 	strain=----- 	ref=NC_012801 	"Human cosavirus B"
Picornaviridae	#56	species=586422 	strain=----- 	ref=NC_012802 	"Human cosavirus D"
Picornaviridae	#57	species=586423 	strain=----- 	ref=NC_012798 	"Human cosavirus E"
Picornaviridae	#58	species=688449 	strain=651733 	ref=NC_012957 	"Salivirus"
Picornaviridae	#59	species=686983 	strain=----- 	ref=NC_006553 	"Avian sapelovirus"
Picornaviridae	#60	species=686984 	strain=----- 	ref=NC_003987 	"Porcine sapelovirus"
Picornaviridae	#61	species=686985 	strain=----- 	ref=NC_004451 	"Simian sapelovirus"
Picornaviridae	#62	species=693066 	strain=----- 	ref=NC_010354 	"Bovine rhinitis B virus"
Picornaviridae	#63	species=70796 	strain=----- 	ref=NC_003990 	"Avian encephalomyelitis virus"
Picornaviridae	#64	species=72149 	strain=----- 	ref=NC_001918 	"Aichi virus"
Picornaviridae	#65	species=138950 	strain=861519 	ref=NC_014336 	"Human enterovirus C"
Picornaviridae	#66	species=871699 	strain=----- 	ref=NC_014411 	"Turdivirus 1"
Picornaviridae	#67	species=871700 	strain=----- 	ref=NC_014412 	"Turdivirus 2"
Picornaviridae	#68	species=871701 	strain=----- 	ref=NC_014413 	"Turdivirus 3"
Picornaviridae	#69	species=928289 	strain=----- 	ref=NC_015626 	"Pigeon picornavirus B"

Family=Poxviridae
Family=Poxviridae 	No approved species found for family:Poxviridae

Family=Reoviridae
Family=Reoviridae 	No approved species found for family:Reoviridae

Family=Rhabdoviridae
Family=Rhabdoviridae 	No approved species found for family:Rhabdoviridae

Family=Togaviridae
Togaviridae	#1	species=11020 	strain=----- 	ref=NC_001786 	"Barmah Forest virus"
Togaviridae	#2	species=11021 	strain=----- 	ref=NC_003899 	"Eastern equine encephalitis virus"
Togaviridae	#3	species=11024 	strain=----- 	ref=NC_012561 	"Highlands J virus"
Togaviridae	#4	species=11027 	strain=----- 	ref=NC_001512 	"O'nyong-nyong virus"
Togaviridae	#5	species=11029 	strain=----- 	ref=NC_001544 	"Ross River virus"
Togaviridae	#6	species=11033 	strain=----- 	ref=NC_003215 	"Semliki forest virus"
Togaviridae	#7	species=11034 	strain=----- 	ref=NC_001547 	"Sindbis virus"
Togaviridae	#8	species=11036 	strain=----- 	ref=NC_001449 	"Venezuelan equine encephalitis virus"
Togaviridae	#9	species=11039 	strain=----- 	ref=NC_003908 	"Western equine encephalomyelitis virus"
Togaviridae	#10	species=11041 	strain=----- 	ref=NC_001545 	"Rubella virus"
Togaviridae	#11	species=37124 	strain=----- 	ref=NC_004162 	"Chikungunya virus"
Togaviridae	#12	species=44158 	strain=----- 	ref=NC_003900 	"Aura virus"
Togaviridae	#13	species=48544 	strain=----- 	ref=NC_013528 	"Fort Morgan virus"
Togaviridae	#14	species=59300 	strain=----- 	ref=NC_006558 	"Getah virus"
Togaviridae	#15	species=59301 	strain=----- 	ref=NC_003417 	"Mayaro virus"
Togaviridae	#16	species=84589 	strain=78540 	ref=NC_003433 	"Salmon pancreas disease virus"
Togaviridae	#17	species=84589 	strain=----- 	ref=NC_003930 	"Salmon pancreas disease virus"

